// Jest Snapshot v1, https://goo.gl/fbAQLP

exports[`<List/> Should component list items 1`] = `
<List
  changeOrder={[Function]}
  items={
    Array [
      Object {
        "date": "15/04/2018",
        "id": 0,
        "timeSpent": "1:00",
        "workoutType": "Run",
      },
      Object {
        "date": "15/04/2018",
        "id": 1,
        "timeSpent": "0:30",
        "workoutType": "Run",
      },
    ]
  }
>
  <table>
    <thead>
      <tr>
        <td>
          <div
            onClick={[Function]}
            onKeyPress={[Function]}
            role="presentation"
          >
            Tempo
          </div>
        </td>
        <td>
          <div
            onClick={[Function]}
            onKeyPress={[Function]}
            role="presentation"
          >
            Tipo
          </div>
        </td>
        <td>
          <div
            onClick={[Function]}
            onKeyPress={[Function]}
            role="presentation"
          >
            Data
          </div>
        </td>
      </tr>
    </thead>
    <tbody>
      <ItemList
        item={
          Object {
            "date": "15/04/2018",
            "id": 0,
            "timeSpent": "1:00",
            "workoutType": "Run",
          }
        }
        key="0"
      >
        <tr>
          <td>
            1:00
          </td>
          <td>
            Run
          </td>
          <td>
            15/04/2018
          </td>
        </tr>
      </ItemList>
      <ItemList
        item={
          Object {
            "date": "15/04/2018",
            "id": 1,
            "timeSpent": "0:30",
            "workoutType": "Run",
          }
        }
        key="1"
      >
        <tr>
          <td>
            0:30
          </td>
          <td>
            Run
          </td>
          <td>
            15/04/2018
          </td>
        </tr>
      </ItemList>
    </tbody>
  </table>
</List>
`;
