// Jest Snapshot v1, https://goo.gl/fbAQLP

exports[`<App/> Should component match snapshot 1`] = `
<App>
  <div>
    <h1>
      Workout Logger
    </h1>
    <Form>
      <Container>
        <div>
          <Box>
            <div>
              <InputTime
                name="time-spent"
                onChange={[Function]}
                value="0:00"
              >
                <input
                  onChange={[Function]}
                  type="text"
                  value="0:00"
                />
              </InputTime>
            </div>
          </Box>
          <Box>
            <div>
              <Select
                id=""
                name="workout-type"
                onChange={[Function]}
                options={
                  Array [
                    Object {
                      "id": "1",
                      "value": "Run",
                    },
                    Object {
                      "id": "2",
                      "value": "Swimming",
                    },
                  ]
                }
                value="Run"
              >
                <select
                  id=""
                  name="workout-type"
                  onChange={[Function]}
                  type="text"
                  value="Run"
                >
                  <option
                    key="1"
                    value="Run"
                  >
                    Run
                  </option>
                  <option
                    key="2"
                    value="Swimming"
                  >
                    Swimming
                  </option>
                </select>
              </Select>
            </div>
          </Box>
          <Box>
            <div>
              <InputTime
                name="date"
                onChange={[Function]}
                value="18/04/2018"
              >
                <input
                  onChange={[Function]}
                  type="text"
                  value="18/04/2018"
                />
              </InputTime>
            </div>
          </Box>
          <Box>
            <div>
              <Button
                onClick={[Function]}
              >
                <button
                  onClick={[Function]}
                >
                  Add
                </button>
              </Button>
            </div>
          </Box>
        </div>
      </Container>
    </Form>
    <WorkoutList>
      <Container>
        <div>
          <Box>
            <div>
              <List
                items={
                  Array [
                    Object {
                      "date": "15/04/2018",
                      "id": 0,
                      "timeSpent": "1:00",
                      "workoutType": "Run",
                    },
                    Object {
                      "date": "15/04/2018",
                      "id": 1,
                      "timeSpent": "0:30",
                      "workoutType": "Run",
                    },
                  ]
                }
              >
                <table>
                  <thead>
                    <tr>
                      <td>
                        Tempo
                      </td>
                      <td>
                        Tipo
                      </td>
                      <td>
                        Data
                      </td>
                    </tr>
                  </thead>
                  <tbody>
                    <ItemList
                      item={
                        Object {
                          "date": "15/04/2018",
                          "id": 0,
                          "timeSpent": "1:00",
                          "workoutType": "Run",
                        }
                      }
                      key="0"
                    >
                      <tr>
                        <td>
                          1:00
                        </td>
                        <td>
                          Run
                        </td>
                        <td>
                          15/04/2018
                        </td>
                      </tr>
                    </ItemList>
                    <ItemList
                      item={
                        Object {
                          "date": "15/04/2018",
                          "id": 1,
                          "timeSpent": "0:30",
                          "workoutType": "Run",
                        }
                      }
                      key="1"
                    >
                      <tr>
                        <td>
                          0:30
                        </td>
                        <td>
                          Run
                        </td>
                        <td>
                          15/04/2018
                        </td>
                      </tr>
                    </ItemList>
                  </tbody>
                </table>
              </List>
            </div>
          </Box>
        </div>
      </Container>
    </WorkoutList>
  </div>
</App>
`;
